Archive member included to satisfy reference by file (symbol)

lib/orangescrt.a(printf.o)    kernel/main.o (printf)
lib/orangescrt.a(vsprintf.o)  kernel/main.o (vsprintf)
lib/orangescrt.a(string.o)    kernel/start.o (memcpy)
lib/orangescrt.a(misc.o)      kernel/main.o (send_recv)
lib/orangescrt.a(open.o)      kernel/main.o (open)
lib/orangescrt.a(read.o)      kernel/main.o (read)
lib/orangescrt.a(write.o)     kernel/main.o (write)
lib/orangescrt.a(close.o)     kernel/main.o (close)
lib/orangescrt.a(getpid.o)    kernel/main.o (getpid)
lib/orangescrt.a(stat.o)      mm/exec.o (stat)
lib/orangescrt.a(fork.o)      kernel/main.o (fork)
lib/orangescrt.a(wait.o)      kernel/main.o (wait)
lib/orangescrt.a(exec.o)      kernel/main.o (execv)
lib/orangescrt.a(syscall.o)   lib/orangescrt.a(misc.o) (sendrec)

Allocating common symbols
Common symbol       size              file

idt_ptr             0x6               kernel/global.o
inode_table         0xb00             kernel/global.o
task_stack          0x24000           kernel/global.o
k_reenter           0x4               kernel/global.o
gdt                 0x400             kernel/global.o
current_console     0x4               kernel/global.o
first_log           0x4               kernel/global.o
pcaller             0x4               kernel/global.o
log_fd              0x4               kernel/global.o
tty_table           0xc6c             kernel/global.o
tss                 0x68              kernel/global.o
fs_msg              0x1160            kernel/global.o
memory_size         0x4               kernel/global.o
f_desc_table        0x400             kernel/global.o
root_inode          0x4               kernel/global.o
disp_pos            0x4               kernel/global.o
mm_msg              0x1160            kernel/global.o
key_pressed         0x4               kernel/global.o
gdt_ptr             0x6               kernel/global.o
idt                 0x800             kernel/global.o
super_block         0x1e0             kernel/global.o
PARTITION_ENTRY     0x10              kernel/hd.o
ticks               0x4               kernel/global.o
console_table       0x3c              kernel/global.o
irq_table           0x40              kernel/global.o
p_proc_ready        0x4               kernel/global.o
proc_table          0x3af8            kernel/global.o
multi_argv          0xa00             kernel/main.o

Discarded input sections

 .note.GNU-stack
                0x0000000000000000        0x0 kernel/start.o
 .note.GNU-stack
                0x0000000000000000        0x0 kernel/main.o
 .note.GNU-stack
                0x0000000000000000        0x0 kernel/clock.o
 .note.GNU-stack
                0x0000000000000000        0x0 kernel/keyboard.o
 .note.GNU-stack
                0x0000000000000000        0x0 kernel/tty.o
 .note.GNU-stack
                0x0000000000000000        0x0 kernel/console.o
 .note.GNU-stack
                0x0000000000000000        0x0 kernel/i8259.o
 .note.GNU-stack
                0x0000000000000000        0x0 kernel/global.o
 .note.GNU-stack
                0x0000000000000000        0x0 kernel/protect.o
 .note.GNU-stack
                0x0000000000000000        0x0 kernel/proc.o
 .note.GNU-stack
                0x0000000000000000        0x0 kernel/systask.o
 .note.GNU-stack
                0x0000000000000000        0x0 kernel/hd.o
 .note.GNU-stack
                0x0000000000000000        0x0 kernel/klib.o
 .note.GNU-stack
                0x0000000000000000        0x0 lib/syslog.o
 .note.GNU-stack
                0x0000000000000000        0x0 mm/main.o
 .note.GNU-stack
                0x0000000000000000        0x0 mm/forkexit.o
 .note.GNU-stack
                0x0000000000000000        0x0 mm/exec.o
 .note.GNU-stack
                0x0000000000000000        0x0 fs/main.o
 .note.GNU-stack
                0x0000000000000000        0x0 fs/open.o
 .note.GNU-stack
                0x0000000000000000        0x0 fs/misc.o
 .note.GNU-stack
                0x0000000000000000        0x0 fs/read_write.o
 .note.GNU-stack
                0x0000000000000000        0x0 fs/link.o
 .note.GNU-stack
                0x0000000000000000        0x0 fs/disklog.o
 .note.GNU-stack
                0x0000000000000000        0x0 fs/filelog.o
 .note.GNU-stack
                0x0000000000000000        0x0 lib/orangescrt.a(printf.o)
 .note.GNU-stack
                0x0000000000000000        0x0 lib/orangescrt.a(vsprintf.o)
 .note.GNU-stack
                0x0000000000000000        0x0 lib/orangescrt.a(misc.o)
 .note.GNU-stack
                0x0000000000000000        0x0 lib/orangescrt.a(open.o)
 .note.GNU-stack
                0x0000000000000000        0x0 lib/orangescrt.a(read.o)
 .note.GNU-stack
                0x0000000000000000        0x0 lib/orangescrt.a(write.o)
 .note.GNU-stack
                0x0000000000000000        0x0 lib/orangescrt.a(close.o)
 .note.GNU-stack
                0x0000000000000000        0x0 lib/orangescrt.a(getpid.o)
 .note.GNU-stack
                0x0000000000000000        0x0 lib/orangescrt.a(stat.o)
 .note.GNU-stack
                0x0000000000000000        0x0 lib/orangescrt.a(fork.o)
 .note.GNU-stack
                0x0000000000000000        0x0 lib/orangescrt.a(wait.o)
 .note.GNU-stack
                0x0000000000000000        0x0 lib/orangescrt.a(exec.o)

Memory Configuration

Name             Origin             Length             Attributes
*default*        0x0000000000000000 0xffffffffffffffff

Linker script and memory map

Address of section .text set to 0x1000
LOAD kernel/kernel.o
LOAD kernel/start.o
LOAD kernel/main.o
LOAD kernel/clock.o
LOAD kernel/keyboard.o
LOAD kernel/tty.o
LOAD kernel/console.o
LOAD kernel/i8259.o
LOAD kernel/global.o
LOAD kernel/protect.o
LOAD kernel/proc.o
LOAD kernel/systask.o
LOAD kernel/hd.o
LOAD kernel/kliba.o
LOAD kernel/klib.o
LOAD lib/syslog.o
LOAD mm/main.o
LOAD mm/forkexit.o
LOAD mm/exec.o
LOAD fs/main.o
LOAD fs/open.o
LOAD fs/misc.o
LOAD fs/read_write.o
LOAD fs/link.o
LOAD fs/disklog.o
LOAD fs/filelog.o
LOAD lib/orangescrt.a
                [!provide]                        PROVIDE (__executable_start, 0x8048000)
                0x0000000008048094                . = (0x8048000 + SIZEOF_HEADERS)

.interp
 *(.interp)

.note.gnu.build-id
 *(.note.gnu.build-id)

.hash
 *(.hash)

.gnu.hash
 *(.gnu.hash)

.dynsym
 *(.dynsym)

.dynstr
 *(.dynstr)

.gnu.version
 *(.gnu.version)

.gnu.version_d
 *(.gnu.version_d)

.gnu.version_r
 *(.gnu.version_r)

.rel.dyn        0x0000000008048094        0x0
 *(.rel.init)
 *(.rel.text .rel.text.* .rel.gnu.linkonce.t.*)
 .rel.text      0x0000000008048094        0x0 kernel/kernel.o
 *(.rel.fini)
 *(.rel.rodata .rel.rodata.* .rel.gnu.linkonce.r.*)
 *(.rel.data.rel.ro .rel.data.rel.ro.* .rel.gnu.linkonce.d.rel.ro.*)
 *(.rel.data .rel.data.* .rel.gnu.linkonce.d.*)
 .rel.data      0x0000000008048094        0x0 kernel/kernel.o
 *(.rel.tdata .rel.tdata.* .rel.gnu.linkonce.td.*)
 *(.rel.tbss .rel.tbss.* .rel.gnu.linkonce.tb.*)
 *(.rel.ctors)
 *(.rel.dtors)
 *(.rel.got)
 *(.rel.bss .rel.bss.* .rel.gnu.linkonce.b.*)
 *(.rel.ifunc)

.rel.plt        0x0000000008048094        0x0
 *(.rel.plt)
                [!provide]                        PROVIDE (__rel_iplt_start, .)
 *(.rel.iplt)
 .rel.iplt      0x0000000008048094        0x0 kernel/kernel.o
                [!provide]                        PROVIDE (__rel_iplt_end, .)

.init
 *(SORT(.init))

.plt            0x00000000080480a0        0x0
 *(.plt)
 *(.iplt)
 .iplt          0x00000000080480a0        0x0 kernel/kernel.o

.plt.got
 *(.plt.got)

.text           0x0000000000001000     0xce18
 *(.text.unlikely .text.*_unlikely .text.unlikely.*)
 *(.text.exit .text.exit.*)
 *(.text.startup .text.startup.*)
 *(.text.hot .text.hot.*)
 *(.text .stub .text.* .gnu.linkonce.t.*)
 .text          0x0000000000001000      0x410 kernel/kernel.o
                0x0000000000001000                _start
                0x0000000000001040                hwint00
                0x0000000000001070                hwint01
                0x00000000000010a0                hwint02
                0x00000000000010d0                hwint03
                0x0000000000001100                hwint04
                0x0000000000001130                hwint05
                0x0000000000001160                hwint06
                0x0000000000001190                hwint07
                0x00000000000011c0                hwint08
                0x00000000000011f0                hwint09
                0x0000000000001220                hwint10
                0x0000000000001250                hwint11
                0x0000000000001280                hwint12
                0x00000000000012b0                hwint13
                0x00000000000012e0                hwint14
                0x0000000000001310                hwint15
                0x0000000000001334                divide_error
                0x000000000000133a                single_step_exception
                0x0000000000001340                nmi
                0x0000000000001346                breakpoint_exception
                0x000000000000134c                overflow
                0x0000000000001352                bounds_check
                0x0000000000001358                inval_opcode
                0x000000000000135e                copr_not_available
                0x0000000000001364                double_fault
                0x0000000000001368                copr_seg_overrun
                0x000000000000136e                inval_tss
                0x0000000000001372                segment_not_present
                0x0000000000001376                stack_exception
                0x000000000000137a                general_protection
                0x000000000000137e                page_fault
                0x0000000000001382                copr_error
                0x00000000000013cb                sys_call
                0x00000000000013eb                restart
 .text          0x0000000000001410       0x95 kernel/start.o
                0x0000000000001410                cstart
 .text          0x00000000000014a5      0xabb kernel/main.o
                0x00000000000014a5                kernel_main
                0x00000000000017d4                get_ticks
                0x0000000000001814                untar
                0x0000000000001a76                shabby_shell
                0x0000000000001d9b                Init
                0x0000000000001f08                TestA
                0x0000000000001f0d                TestB
                0x0000000000001f12                TestC
                0x0000000000001f17                panic
 .text          0x0000000000001f60      0x10d kernel/clock.o
                0x0000000000001f60                clock_handler
                0x0000000000001fdb                milli_delay
                0x0000000000002015                init_clock
 .text          0x000000000000206d      0x6da kernel/keyboard.o
                0x000000000000206d                keyboard_handler
                0x00000000000020d7                init_keyboard
                0x0000000000002186                keyboard_read
 .text          0x0000000000002747      0xa83 kernel/tty.o
                0x0000000000002747                task_tty
                0x0000000000002956                in_process
                0x0000000000002eca                sys_printx
                0x0000000000003069                dump_tty_buf
 .text          0x00000000000031ca      0x824 kernel/console.o
                0x00000000000031ca                init_screen
                0x000000000000333e                out_char
                0x0000000000003668                is_current_console
                0x000000000000375b                select_console
                0x000000000000379b                scroll_screen
 .text          0x00000000000039ee      0x130 kernel/i8259.o
                0x00000000000039ee                init_8259A
                0x0000000000003ac3                spurious_irq
                0x0000000000003afa                put_irq_handler
 .text          0x0000000000003b1e        0x0 kernel/global.o
 .text          0x0000000000003b1e      0x65f kernel/protect.o
                0x0000000000003b1e                init_prot
                0x0000000000003f86                seg2linear
                0x0000000000003fd5                init_desc
                0x0000000000004042                exception_handler
 .text          0x000000000000417d     0x1631 kernel/proc.o
                0x000000000000417d                schedule
                0x0000000000004209                sys_sendrec
                0x0000000000004329                ldt_seg_linear
                0x0000000000004373                va2la
                0x00000000000043d4                reset_msg
                0x00000000000051e3                inform_int
                0x0000000000005353                dump_proc
                0x000000000000568f                dump_msg
 .text          0x00000000000057ae      0x49d kernel/systask.o
                0x00000000000057ae                task_sys
 .text          0x0000000000005c4b      0xd6c kernel/hd.o
                0x0000000000005c4b                task_hd
                0x000000000000698c                hd_handler
 *fill*         0x00000000000069b7        0x9 
 .text          0x00000000000069c0      0x19a kernel/kliba.o
                0x00000000000069c0                disp_str
                0x00000000000069fe                disp_color_str
                0x0000000000006a3d                out_byte
                0x0000000000006a49                in_byte
                0x0000000000006a53                port_read
                0x0000000000006a66                port_write
                0x0000000000006a79                disable_irq
                0x0000000000006aae                enable_irq
                0x0000000000006acd                disable_int
                0x0000000000006acf                enable_int
                0x0000000000006ad1                glitter
 .text          0x0000000000006b5a      0x2af kernel/klib.o
                0x0000000000006b5a                get_boot_params
                0x0000000000006be0                get_kernel_map
                0x0000000000006cf0                itoa
                0x0000000000006d9b                disp_int
                0x0000000000006dc2                delay
 .text          0x0000000000006e09      0x127 lib/syslog.o
                0x0000000000006e09                syslog
 .text          0x0000000000006f30      0x1d9 mm/main.o
                0x0000000000006f30                task_mm
                0x0000000000007084                alloc_mem
                0x00000000000070ff                free_mem
 .text          0x0000000000007109      0x5e1 mm/forkexit.o
                0x0000000000007109                do_fork
                0x0000000000007450                do_exit
                0x000000000000762b                do_wait
 .text          0x00000000000076ea      0x359 mm/exec.o
                0x00000000000076ea                do_exec
 .text          0x0000000000007a43     0x11c3 fs/main.o
                0x0000000000007a43                task_fs
                0x00000000000085cd                rw_sector
                0x000000000000880e                get_super_block
                0x0000000000008854                get_inode
                0x00000000000089b7                put_inode
                0x00000000000089f5                sync_inode
 .text          0x0000000000008c06      0xb8d fs/open.o
                0x0000000000008c06                do_open
                0x000000000000912f                do_close
                0x00000000000091aa                do_lseek
 .text          0x0000000000009793      0xcd0 fs/misc.o
                0x0000000000009793                do_stat
                0x0000000000009967                search_file
                0x0000000000009abd                strip_path
                0x0000000000009b48                do_open_dir
                0x0000000000009ca4                do_open_dir_l
 .text          0x000000000000a463      0x4b0 fs/read_write.o
                0x000000000000a463                do_rdwt
 .text          0x000000000000a913      0x80b fs/link.o
                0x000000000000a913                do_unlink
 .text          0x000000000000b11e     0x1fb8 fs/disklog.o
                0x000000000000b11e                disklog
                0x000000000000b68b                dump_fd_graph
 .text          0x000000000000d0d6       0xc4 fs/filelog.o
                0x000000000000d0d6                filelog
 .text          0x000000000000d19a       0xad lib/orangescrt.a(printf.o)
                0x000000000000d19a                printf
                0x000000000000d205                printl
 .text          0x000000000000d247      0x305 lib/orangescrt.a(vsprintf.o)
                0x000000000000d2a5                vsprintf
                0x000000000000d526                sprintf
 *fill*         0x000000000000d54c        0x4 
 .text          0x000000000000d550       0x78 lib/orangescrt.a(string.o)
                0x000000000000d550                memcpy
                0x000000000000d579                memset
                0x000000000000d59a                strcpy
                0x000000000000d5b2                strlen
 .text          0x000000000000d5c8      0x348 lib/orangescrt.a(misc.o)
                0x000000000000d5c8                send_recv
                0x000000000000d685                memcmp
                0x000000000000d6fb                strcmp
                0x000000000000d76e                strcat
                0x000000000000d7cd                spin
                0x000000000000d7e8                assertion_failure
                0x000000000000d821                strncmp
                0x000000000000d895                strstr
 .text          0x000000000000d910       0x6f lib/orangescrt.a(open.o)
                0x000000000000d910                open
 .text          0x000000000000d97f       0x40 lib/orangescrt.a(read.o)
                0x000000000000d97f                read
 .text          0x000000000000d9bf       0x40 lib/orangescrt.a(write.o)
                0x000000000000d9bf                write
 .text          0x000000000000d9ff       0x34 lib/orangescrt.a(close.o)
                0x000000000000d9ff                close
 .text          0x000000000000da33       0x52 lib/orangescrt.a(getpid.o)
                0x000000000000da33                getpid
 .text          0x000000000000da85       0x6f lib/orangescrt.a(stat.o)
                0x000000000000da85                stat
 .text          0x000000000000daf4       0x72 lib/orangescrt.a(fork.o)
                0x000000000000daf4                fork
 .text          0x000000000000db66       0x45 lib/orangescrt.a(wait.o)
                0x000000000000db66                wait
 .text          0x000000000000dbab      0x243 lib/orangescrt.a(exec.o)
                0x000000000000dbab                exec
                0x000000000000dc22                execl
                0x000000000000dc47                execv
 *fill*         0x000000000000ddee        0x2 
 .text          0x000000000000ddf0       0x28 lib/orangescrt.a(syscall.o)
                0x000000000000ddf0                sendrec
                0x000000000000de0a                printx
 *(.gnu.warning)

.fini
 *(SORT(.fini))
                [!provide]                        PROVIDE (__etext, .)
                [!provide]                        PROVIDE (_etext, .)
                [!provide]                        PROVIDE (etext, .)

.rodata         0x000000000000de20     0x279b
 *(.rodata .rodata.* .gnu.linkonce.r.*)
 .rodata        0x000000000000de20       0x47 kernel/start.o
 *fill*         0x000000000000de67        0x1 
 .rodata        0x000000000000de68      0x230 kernel/main.o
 .rodata        0x000000000000e098       0x64 kernel/keyboard.o
 .rodata        0x000000000000e0fc      0x168 kernel/tty.o
 .rodata        0x000000000000e264       0x5b kernel/console.o
 .rodata        0x000000000000e2bf       0x11 kernel/i8259.o
 .rodata        0x000000000000e2d0       0x10 kernel/global.o
                0x000000000000e2d0                FSBUF_SIZE
                0x000000000000e2d4                MMBUF_SIZE
                0x000000000000e2d8                LOGBUF_SIZE
                0x000000000000e2dc                LOGDISKBUF_SIZE
 .rodata        0x000000000000e2e0      0x580 kernel/protect.o
 .rodata        0x000000000000e860      0x5da kernel/proc.o
 *fill*         0x000000000000ee3a        0x2 
 .rodata        0x000000000000ee3c       0x30 kernel/systask.o
 .rodata        0x000000000000ee6c      0x15c kernel/hd.o
 .rodata        0x000000000000efc8       0x6a kernel/klib.o
 *fill*         0x000000000000f032        0x2 
 .rodata        0x000000000000f034       0x43 lib/syslog.o
 *fill*         0x000000000000f077        0x1 
 .rodata        0x000000000000f078       0xc5 mm/main.o
 *fill*         0x000000000000f13d        0x3 
 .rodata        0x000000000000f140       0xe7 mm/forkexit.o
 *fill*         0x000000000000f227        0x1 
 .rodata        0x000000000000f228       0xa4 mm/exec.o
 .rodata        0x000000000000f2cc      0x302 fs/main.o
 *fill*         0x000000000000f5ce        0x2 
 .rodata        0x000000000000f5d0      0x1c8 fs/open.o
 .rodata        0x000000000000f798       0xe5 fs/misc.o
 *fill*         0x000000000000f87d        0x3 
 .rodata        0x000000000000f880      0x164 fs/read_write.o
 .rodata        0x000000000000f9e4      0x1ad fs/link.o
 *fill*         0x000000000000fb91        0x3 
 .rodata        0x000000000000fb94      0x806 fs/disklog.o
 .rodata        0x000000000001039a       0x37 fs/filelog.o
 .rodata        0x00000000000103d1       0x14 lib/orangescrt.a(printf.o)
 *fill*         0x00000000000103e5        0x3 
 .rodata        0x00000000000103e8       0xad lib/orangescrt.a(misc.o)
 .rodata        0x0000000000010495       0x23 lib/orangescrt.a(open.o)
 .rodata        0x00000000000104b8       0x25 lib/orangescrt.a(getpid.o)
 .rodata        0x00000000000104dd       0x23 lib/orangescrt.a(stat.o)
 .rodata        0x0000000000010500       0x33 lib/orangescrt.a(fork.o)
 *fill*         0x0000000000010533        0x1 
 .rodata        0x0000000000010534       0x87 lib/orangescrt.a(exec.o)

.rodata1
 *(.rodata1)

.eh_frame_hdr
 *(.eh_frame_hdr)
 *(.eh_frame_entry .eh_frame_entry.*)

.eh_frame       0x00000000000105bc     0x1328
 *(.eh_frame)
 .eh_frame      0x00000000000105bc       0x38 kernel/start.o
 .eh_frame      0x00000000000105f4      0x108 kernel/main.o
                                        0x120 (size before relaxing)
 .eh_frame      0x00000000000106fc       0x60 kernel/clock.o
                                         0x78 (size before relaxing)
 .eh_frame      0x000000000001075c       0xe0 kernel/keyboard.o
                                         0xf8 (size before relaxing)
 .eh_frame      0x000000000001083c      0x13c kernel/tty.o
                                        0x154 (size before relaxing)
 .eh_frame      0x0000000000010978      0x144 kernel/console.o
                                        0x15c (size before relaxing)
 .eh_frame      0x0000000000010abc       0x60 kernel/i8259.o
                                         0x78 (size before relaxing)
 .eh_frame      0x0000000000010b1c       0xb0 kernel/protect.o
                                         0xc8 (size before relaxing)
 .eh_frame      0x0000000000010bcc      0x1b8 kernel/proc.o
                                        0x1d0 (size before relaxing)
 .eh_frame      0x0000000000010d84       0x7c kernel/systask.o
                                         0x94 (size before relaxing)
 .eh_frame      0x0000000000010e00      0x1c8 kernel/hd.o
                                        0x1e0 (size before relaxing)
 .eh_frame      0x0000000000010fc8       0xa0 kernel/klib.o
                                         0xb8 (size before relaxing)
 .eh_frame      0x0000000000011068       0x30 lib/syslog.o
                                         0x48 (size before relaxing)
 .eh_frame      0x0000000000011098       0x7c mm/main.o
                                         0x94 (size before relaxing)
 .eh_frame      0x0000000000011114       0x90 mm/forkexit.o
                                         0xa8 (size before relaxing)
 .eh_frame      0x00000000000111a4       0x2c mm/exec.o
                                         0x44 (size before relaxing)
 .eh_frame      0x00000000000111d0      0x170 fs/main.o
                                        0x188 (size before relaxing)
 .eh_frame      0x0000000000011340      0x120 fs/open.o
                                        0x138 (size before relaxing)
 .eh_frame      0x0000000000011460       0xb0 fs/misc.o
                                         0xc8 (size before relaxing)
 .eh_frame      0x0000000000011510       0x2c fs/read_write.o
                                         0x44 (size before relaxing)
 .eh_frame      0x000000000001153c       0x2c fs/link.o
                                         0x44 (size before relaxing)
 .eh_frame      0x0000000000011568       0x60 fs/disklog.o
                                         0x78 (size before relaxing)
 .eh_frame      0x00000000000115c8       0x20 fs/filelog.o
                                         0x38 (size before relaxing)
 .eh_frame      0x00000000000115e8       0x40 lib/orangescrt.a(printf.o)
                                         0x58 (size before relaxing)
 .eh_frame      0x0000000000011628       0x60 lib/orangescrt.a(vsprintf.o)
                                         0x78 (size before relaxing)
 .eh_frame      0x0000000000011688       0xfc lib/orangescrt.a(misc.o)
                                        0x114 (size before relaxing)
 .eh_frame      0x0000000000011784       0x20 lib/orangescrt.a(open.o)
                                         0x38 (size before relaxing)
 .eh_frame      0x00000000000117a4       0x20 lib/orangescrt.a(read.o)
                                         0x38 (size before relaxing)
 .eh_frame      0x00000000000117c4       0x20 lib/orangescrt.a(write.o)
                                         0x38 (size before relaxing)
 .eh_frame      0x00000000000117e4       0x20 lib/orangescrt.a(close.o)
                                         0x38 (size before relaxing)
 .eh_frame      0x0000000000011804       0x20 lib/orangescrt.a(getpid.o)
                                         0x38 (size before relaxing)
 .eh_frame      0x0000000000011824       0x20 lib/orangescrt.a(stat.o)
                                         0x38 (size before relaxing)
 .eh_frame      0x0000000000011844       0x20 lib/orangescrt.a(fork.o)
                                         0x38 (size before relaxing)
 .eh_frame      0x0000000000011864       0x20 lib/orangescrt.a(wait.o)
                                         0x38 (size before relaxing)
 .eh_frame      0x0000000000011884       0x60 lib/orangescrt.a(exec.o)
                                         0x78 (size before relaxing)
 *(.eh_frame.*)

.gcc_except_table
 *(.gcc_except_table .gcc_except_table.*)

.gnu_extab
 *(.gnu_extab*)

.exception_ranges
 *(.exception_ranges .exception_ranges*)
                0x00000000000128e4                . = DATA_SEGMENT_ALIGN (0x1000, 0x1000)

.eh_frame
 *(.eh_frame)
 *(.eh_frame.*)

.gnu_extab
 *(.gnu_extab)

.gcc_except_table
 *(.gcc_except_table .gcc_except_table.*)

.exception_ranges
 *(.exception_ranges .exception_ranges*)

.tdata
 *(.tdata .tdata.* .gnu.linkonce.td.*)

.tbss
 *(.tbss .tbss.* .gnu.linkonce.tb.*)
 *(.tcommon)

.preinit_array  0x00000000000128e4        0x0
                [!provide]                        PROVIDE (__preinit_array_start, .)
 *(.preinit_array)
                [!provide]                        PROVIDE (__preinit_array_end, .)

.init_array     0x00000000000128e4        0x0
                [!provide]                        PROVIDE (__init_array_start, .)
 *(SORT(.init_array.*) SORT(.ctors.*))
 *(.init_array EXCLUDE_FILE(*crtend?.o *crtend.o *crtbegin?.o *crtbegin.o) .ctors)
                [!provide]                        PROVIDE (__init_array_end, .)

.fini_array     0x00000000000128e4        0x0
                [!provide]                        PROVIDE (__fini_array_start, .)
 *(SORT(.fini_array.*) SORT(.dtors.*))
 *(.fini_array EXCLUDE_FILE(*crtend?.o *crtend.o *crtbegin?.o *crtbegin.o) .dtors)
                [!provide]                        PROVIDE (__fini_array_end, .)

.ctors
 *crtbegin.o(.ctors)
 *crtbegin?.o(.ctors)
 *(EXCLUDE_FILE(*crtend?.o *crtend.o) .ctors)
 *(SORT(.ctors.*))
 *(.ctors)

.dtors
 *crtbegin.o(.dtors)
 *crtbegin?.o(.dtors)
 *(EXCLUDE_FILE(*crtend?.o *crtend.o) .dtors)
 *(SORT(.dtors.*))
 *(.dtors)

.jcr
 *(.jcr)

.data.rel.ro
 *(.data.rel.ro.local* .gnu.linkonce.d.rel.ro.local.*)
 *(.data.rel.ro .data.rel.ro.* .gnu.linkonce.d.rel.ro.*)

.dynamic
 *(.dynamic)

.got
 *(.got)
 *(.igot)
                0x00000000000128e4                . = DATA_SEGMENT_RELRO_END (., (SIZEOF (.got.plt) >= 0xc)?0xc:0x0)

.got.plt        0x00000000000128e4        0x0
 *(.got.plt)
 *(.igot.plt)
 .igot.plt      0x00000000000128e4        0x0 kernel/kernel.o

.data           0x0000000000012900      0x814
 *(.data .data.* .gnu.linkonce.d.*)
 .data          0x0000000000012900        0x2 kernel/kernel.o
 .data          0x0000000000012902        0x0 kernel/start.o
 .data          0x0000000000012902        0x0 kernel/main.o
 .data          0x0000000000012902        0x0 kernel/clock.o
 *fill*         0x0000000000012902       0x1e 
 .data          0x0000000000012920      0x600 kernel/keyboard.o
                0x0000000000012920                keymap
 .data          0x0000000000012f20       0x22 kernel/tty.o
 .data          0x0000000000012f42        0x0 kernel/console.o
 .data          0x0000000000012f42        0x0 kernel/i8259.o
 *fill*         0x0000000000012f42       0x1e 
 .data          0x0000000000012f60      0x1b4 kernel/global.o
                0x0000000000012f60                task_table
                0x0000000000013040                user_proc_table
                0x00000000000130e0                sys_call_table
                0x00000000000130ec                dd_map
                0x0000000000013104                fsbuf
                0x0000000000013108                mmbuf
                0x000000000001310c                logbuf
                0x0000000000013110                logdiskbuf
 .data          0x0000000000013114        0x0 kernel/protect.o
 .data          0x0000000000013114        0x0 kernel/proc.o
 .data          0x0000000000013114        0x0 kernel/systask.o
 .data          0x0000000000013114        0x0 kernel/hd.o
 .data          0x0000000000013114        0x0 kernel/klib.o
 .data          0x0000000000013114        0x0 lib/syslog.o
 .data          0x0000000000013114        0x0 mm/main.o
 .data          0x0000000000013114        0x0 mm/forkexit.o
 .data          0x0000000000013114        0x0 mm/exec.o
 .data          0x0000000000013114        0x0 fs/main.o
 .data          0x0000000000013114        0x0 fs/open.o
 .data          0x0000000000013114        0x0 fs/misc.o
 .data          0x0000000000013114        0x0 fs/read_write.o
 .data          0x0000000000013114        0x0 fs/link.o
 .data          0x0000000000013114        0x0 fs/disklog.o
 .data          0x0000000000013114        0x0 fs/filelog.o
 .data          0x0000000000013114        0x0 lib/orangescrt.a(printf.o)
 .data          0x0000000000013114        0x0 lib/orangescrt.a(vsprintf.o)
 .data          0x0000000000013114        0x0 lib/orangescrt.a(misc.o)
 .data          0x0000000000013114        0x0 lib/orangescrt.a(open.o)
 .data          0x0000000000013114        0x0 lib/orangescrt.a(read.o)
 .data          0x0000000000013114        0x0 lib/orangescrt.a(write.o)
 .data          0x0000000000013114        0x0 lib/orangescrt.a(close.o)
 .data          0x0000000000013114        0x0 lib/orangescrt.a(getpid.o)
 .data          0x0000000000013114        0x0 lib/orangescrt.a(stat.o)
 .data          0x0000000000013114        0x0 lib/orangescrt.a(fork.o)
 .data          0x0000000000013114        0x0 lib/orangescrt.a(wait.o)
 .data          0x0000000000013114        0x0 lib/orangescrt.a(exec.o)

.data1
 *(.data1)
                0x0000000000013114                _edata = .
                [!provide]                        PROVIDE (edata, .)
                0x0000000000013114                . = .
                0x0000000000013114                __bss_start = .

.bss            0x0000000000013120    0x32c08
 *(.dynbss)
 *(.bss .bss.* .gnu.linkonce.b.*)
 .bss           0x0000000000013120     0x5000 kernel/kernel.o
 .bss           0x0000000000018120        0x0 kernel/start.o
 .bss           0x0000000000018120        0x0 kernel/main.o
 .bss           0x0000000000018120        0x0 kernel/clock.o
 .bss           0x0000000000018120       0x58 kernel/keyboard.o
 .bss           0x0000000000018178        0x0 kernel/tty.o
 .bss           0x0000000000018178        0x0 kernel/console.o
 .bss           0x0000000000018178        0x0 kernel/i8259.o
 .bss           0x0000000000018178        0x0 kernel/global.o
 .bss           0x0000000000018178        0x0 kernel/protect.o
 .bss           0x0000000000018178        0x0 kernel/proc.o
 .bss           0x0000000000018178        0x0 kernel/systask.o
 *fill*         0x0000000000018178        0x8 
 .bss           0x0000000000018180      0x64c kernel/hd.o
 .bss           0x00000000000187cc        0x0 kernel/klib.o
 .bss           0x00000000000187cc        0x0 lib/syslog.o
 .bss           0x00000000000187cc        0x0 mm/main.o
 .bss           0x00000000000187cc        0x0 mm/forkexit.o
 .bss           0x00000000000187cc        0x0 mm/exec.o
 .bss           0x00000000000187cc        0x0 fs/main.o
 .bss           0x00000000000187cc        0x0 fs/open.o
 .bss           0x00000000000187cc        0x0 fs/misc.o
 .bss           0x00000000000187cc        0x0 fs/read_write.o
 .bss           0x00000000000187cc        0x0 fs/link.o
 *fill*         0x00000000000187cc       0x14 
 .bss           0x00000000000187e0      0x208 fs/disklog.o
 .bss           0x00000000000189e8        0x0 fs/filelog.o
 .bss           0x00000000000189e8        0x0 lib/orangescrt.a(printf.o)
 .bss           0x00000000000189e8        0x0 lib/orangescrt.a(vsprintf.o)
 .bss           0x00000000000189e8        0x0 lib/orangescrt.a(misc.o)
 .bss           0x00000000000189e8        0x0 lib/orangescrt.a(open.o)
 .bss           0x00000000000189e8        0x0 lib/orangescrt.a(read.o)
 .bss           0x00000000000189e8        0x0 lib/orangescrt.a(write.o)
 .bss           0x00000000000189e8        0x0 lib/orangescrt.a(close.o)
 .bss           0x00000000000189e8        0x0 lib/orangescrt.a(getpid.o)
 .bss           0x00000000000189e8        0x0 lib/orangescrt.a(stat.o)
 .bss           0x00000000000189e8        0x0 lib/orangescrt.a(fork.o)
 .bss           0x00000000000189e8        0x0 lib/orangescrt.a(wait.o)
 .bss           0x00000000000189e8        0x0 lib/orangescrt.a(exec.o)
 *(COMMON)
 *fill*         0x00000000000189e8       0x18 
 COMMON         0x0000000000018a00      0xa00 kernel/main.o
                0x0000000000018a00                multi_argv
 COMMON         0x0000000000019400    0x2c918 kernel/global.o
                0x0000000000019400                idt_ptr
                0x0000000000019420                inode_table
                0x0000000000019f20                task_stack
                0x000000000003df20                k_reenter
                0x000000000003df40                gdt
                0x000000000003e340                current_console
                0x000000000003e344                first_log
                0x000000000003e348                pcaller
                0x000000000003e34c                log_fd
                0x000000000003e360                tty_table
                0x000000000003efe0                tss
                0x000000000003f060                fs_msg
                0x00000000000401c0                memory_size
                0x00000000000401e0                f_desc_table
                0x00000000000405e0                root_inode
                0x00000000000405e4                disp_pos
                0x0000000000040600                mm_msg
                0x0000000000041760                key_pressed
                0x0000000000041764                gdt_ptr
                0x0000000000041780                idt
                0x0000000000041f80                super_block
                0x0000000000042160                ticks
                0x0000000000042180                console_table
                0x00000000000421c0                irq_table
                0x0000000000042200                p_proc_ready
                0x0000000000042220                proc_table
 COMMON         0x0000000000045d18       0x10 kernel/hd.o
                0x0000000000045d18                PARTITION_ENTRY
                0x0000000000045d28                . = ALIGN ((. != 0x0)?0x4:0x1)
                0x0000000000045d28                . = ALIGN (0x4)
                0x0000000000045d28                . = SEGMENT_START ("ldata-segment", .)
                0x0000000000045d28                . = ALIGN (0x4)
                0x0000000000045d28                _end = .
                [!provide]                        PROVIDE (end, .)
                0x0000000000045d28                . = DATA_SEGMENT_END (.)

.stab
 *(.stab)

.stabstr
 *(.stabstr)

.stab.excl
 *(.stab.excl)

.stab.exclstr
 *(.stab.exclstr)

.stab.index
 *(.stab.index)

.stab.indexstr
 *(.stab.indexstr)

.comment        0x0000000000000000       0x35
 *(.comment)
 .comment       0x0000000000000000       0x35 kernel/start.o
                                         0x36 (size before relaxing)
 .comment       0x0000000000000035       0x36 kernel/main.o
 .comment       0x0000000000000035       0x36 kernel/clock.o
 .comment       0x0000000000000035       0x36 kernel/keyboard.o
 .comment       0x0000000000000035       0x36 kernel/tty.o
 .comment       0x0000000000000035       0x36 kernel/console.o
 .comment       0x0000000000000035       0x36 kernel/i8259.o
 .comment       0x0000000000000035       0x36 kernel/global.o
 .comment       0x0000000000000035       0x36 kernel/protect.o
 .comment       0x0000000000000035       0x36 kernel/proc.o
 .comment       0x0000000000000035       0x36 kernel/systask.o
 .comment       0x0000000000000035       0x36 kernel/hd.o
 .comment       0x0000000000000035       0x36 kernel/klib.o
 .comment       0x0000000000000035       0x36 lib/syslog.o
 .comment       0x0000000000000035       0x36 mm/main.o
 .comment       0x0000000000000035       0x36 mm/forkexit.o
 .comment       0x0000000000000035       0x36 mm/exec.o
 .comment       0x0000000000000035       0x36 fs/main.o
 .comment       0x0000000000000035       0x36 fs/open.o
 .comment       0x0000000000000035       0x36 fs/misc.o
 .comment       0x0000000000000035       0x36 fs/read_write.o
 .comment       0x0000000000000035       0x36 fs/link.o
 .comment       0x0000000000000035       0x36 fs/disklog.o
 .comment       0x0000000000000035       0x36 fs/filelog.o
 .comment       0x0000000000000035       0x36 lib/orangescrt.a(printf.o)
 .comment       0x0000000000000035       0x36 lib/orangescrt.a(vsprintf.o)
 .comment       0x0000000000000035       0x36 lib/orangescrt.a(misc.o)
 .comment       0x0000000000000035       0x36 lib/orangescrt.a(open.o)
 .comment       0x0000000000000035       0x36 lib/orangescrt.a(read.o)
 .comment       0x0000000000000035       0x36 lib/orangescrt.a(write.o)
 .comment       0x0000000000000035       0x36 lib/orangescrt.a(close.o)
 .comment       0x0000000000000035       0x36 lib/orangescrt.a(getpid.o)
 .comment       0x0000000000000035       0x36 lib/orangescrt.a(stat.o)
 .comment       0x0000000000000035       0x36 lib/orangescrt.a(fork.o)
 .comment       0x0000000000000035       0x36 lib/orangescrt.a(wait.o)
 .comment       0x0000000000000035       0x36 lib/orangescrt.a(exec.o)

.debug
 *(.debug)

.line
 *(.line)

.debug_srcinfo
 *(.debug_srcinfo)

.debug_sfnames
 *(.debug_sfnames)

.debug_aranges
 *(.debug_aranges)

.debug_pubnames
 *(.debug_pubnames)

.debug_info
 *(.debug_info .gnu.linkonce.wi.*)

.debug_abbrev
 *(.debug_abbrev)

.debug_line
 *(.debug_line .debug_line.* .debug_line_end)

.debug_frame
 *(.debug_frame)

.debug_str
 *(.debug_str)

.debug_loc
 *(.debug_loc)

.debug_macinfo
 *(.debug_macinfo)

.debug_weaknames
 *(.debug_weaknames)

.debug_funcnames
 *(.debug_funcnames)

.debug_typenames
 *(.debug_typenames)

.debug_varnames
 *(.debug_varnames)

.debug_pubtypes
 *(.debug_pubtypes)

.debug_ranges
 *(.debug_ranges)

.debug_macro
 *(.debug_macro)

.gnu.attributes
 *(.gnu.attributes)

/DISCARD/
 *(.note.GNU-stack)
 *(.gnu_debuglink)
 *(.gnu.lto_*)
OUTPUT(kernel.bin elf32-i386)
